// Jest Snapshot v1, https://goo.gl/fbAQLP

exports[`First Jest-React Test 1`] = `
<div>
  <h4
    className="title"
  >
    Jones - Morar
  </h4>
  <span>
    53,156
     sales | 
  </span>
  <svg
    aria-hidden="true"
    className="star"
    focusable="false"
    viewBox="3 3 18 18"
    xmlns="http://www.w3.org/2000/svg"
  >
    <path
      d="M20.83,9.15l-6-.52L12.46,3.08h-.92L9.18,8.63l-6,.52L2.89,10l4.55,4L6.08,19.85l.75.55L12,17.3l5.17,3.1.75-.55L16.56,14l4.55-4Z"
    />
  </svg>
  <svg
    aria-hidden="true"
    className="star"
    focusable="false"
    viewBox="3 3 18 18"
    xmlns="http://www.w3.org/2000/svg"
  >
    <path
      d="M20.83,9.15l-6-.52L12.46,3.08h-.92L9.18,8.63l-6,.52L2.89,10l4.55,4L6.08,19.85l.75.55L12,17.3l5.17,3.1.75-.55L16.56,14l4.55-4Z"
    />
  </svg>
  <svg
    aria-hidden="true"
    className="star"
    focusable="false"
    viewBox="3 3 18 18"
    xmlns="http://www.w3.org/2000/svg"
  >
    <path
      d="M20.83,9.15l-6-.52L12.46,3.08h-.92L9.18,8.63l-6,.52L2.89,10l4.55,4L6.08,19.85l.75.55L12,17.3l5.17,3.1.75-.55L16.56,14l4.55-4Z"
    />
  </svg>
  <svg
    aria-hidden="true"
    className="star"
    focusable="false"
    viewBox="3 3 18 18"
    xmlns="http://www.w3.org/2000/svg"
  >
    <path
      d="M12,6.47l1.21,2.84.41,1,1.05.09,3.07.27-2.32,2-.8.69.24,1,.69,3L12.9,15.79l-.9-.53-.9.53L8.45,17.38l.69-3,.24-1-.8-.69-2.32-2,3.07-.27,1.05-.09.41-1L12,6.47m.46-3.39h-.92L9.18,8.63l-6,.52L2.89,10l4.55,4L6.08,19.85l.75.55L12,17.3l5.17,3.1.75-.55L16.56,14l4.55-4-.28-.88-6-.52L12.46,3.08Z"
    />
  </svg>
  <svg
    aria-hidden="true"
    className="star"
    focusable="false"
    viewBox="3 3 18 18"
    xmlns="http://www.w3.org/2000/svg"
  >
    <path
      d="M12,6.47l1.21,2.84.41,1,1.05.09,3.07.27-2.32,2-.8.69.24,1,.69,3L12.9,15.79l-.9-.53-.9.53L8.45,17.38l.69-3,.24-1-.8-.69-2.32-2,3.07-.27,1.05-.09.41-1L12,6.47m.46-3.39h-.92L9.18,8.63l-6,.52L2.89,10l4.55,4L6.08,19.85l.75.55L12,17.3l5.17,3.1.75-.55L16.56,14l4.55-4-.28-.88-6-.52L12.46,3.08Z"
    />
  </svg>
  <br />
  <br />
  <h1>
    Incredible Concrete Chicken
  </h1>
</div>
`;
